This is just a test log file to test more.
